9:30 2023/04/07

Samba version 4.5.16-Debian
slax-64bit-9.11.0smdb-nume20230404.img


アクセス方法
Web http://slax/
Explorer \\slax


lscpu
AMD A10-5745M APU with Radeon(tm) HD Graphics

uname -a
Linux slax 4.9.0-11-amd64 #1 SMP Debian 4.9.189-3 (2019-09-02) x86_64 GNU/Linux


df
Disk /dev/sda: 447.1 GiB, 480103981056 bytes, 937703088 sectors
Units: sectors of 1 * 512 = 512 bytes
Sector size (logical/physical): 512 bytes / 512 bytes
I/O size (minimum/optimal): 512 bytes / 512 bytes
Disklabel type: dos
Disk identifier: 0x8576d67d

Device     Boot Start       End   Sectors   Size Id Type
/dev/sda1        2048 937699327 937697280 447.1G  7 HPFS/NTFS/exFAT


Disk /dev/sdb: 14.9 GiB, 15938355200 bytes, 31129600 sectors
Units: sectors of 1 * 512 = 512 bytes
Sector size (logical/physical): 512 bytes / 512 bytes
I/O size (minimum/optimal): 512 bytes / 512 bytes
Disklabel type: dos
Disk identifier: 0x46689b32

Device     Boot Start     End Sectors  Size Id Type
/dev/sdb1  *      128 7880831 7880704  3.8G  7 HPFS/NTFS/exFAT



